// Jest Snapshot v1, https://goo.gl/fbAQLP

exports[`server API renders base tag as React component 1`] = `"<base data-rh=\\"true\\" target=\\"_blank\\" href=\\"http://localhost/\\"/>"`;

exports[`server API renders base tags as string 1`] = `"<base data-rh=\\"true\\" target=\\"_blank\\" href=\\"http://localhost/\\"/>"`;

exports[`server Declarative API renders base tag as React component 1`] = `"<base data-rh=\\"true\\" target=\\"_blank\\" href=\\"http://localhost/\\"/>"`;

exports[`server Declarative API renders base tags as string 1`] = `"<base data-rh=\\"true\\" target=\\"_blank\\" href=\\"http://localhost/\\"/>"`;
