// Jest Snapshot v1, https://goo.gl/fbAQLP

exports[`server API renders meta tags as React components 1`] = `"<meta data-rh=\\"true\\" charSet=\\"utf-8\\"/><meta data-rh=\\"true\\" name=\\"description\\" content=\\"Test description &amp; encoding of special characters like &#x27; &quot; &gt; &lt; \`\\"/><meta data-rh=\\"true\\" http-equiv=\\"content-type\\" content=\\"text/html\\"/><meta data-rh=\\"true\\" property=\\"og:type\\" content=\\"article\\"/><meta data-rh=\\"true\\" itemProp=\\"name\\" content=\\"Test name itemprop\\"/>"`;

exports[`server API renders meta tags as string 1`] = `"<meta data-rh=\\"true\\" charset=\\"utf-8\\"/><meta data-rh=\\"true\\" name=\\"description\\" content=\\"Test description &amp; encoding of special characters like &#x27; &quot; &gt; &lt; \`\\"/><meta data-rh=\\"true\\" http-equiv=\\"content-type\\" content=\\"text/html\\"/><meta data-rh=\\"true\\" property=\\"og:type\\" content=\\"article\\"/><meta data-rh=\\"true\\" itemprop=\\"name\\" content=\\"Test name itemprop\\"/>"`;

exports[`server Declarative API renders meta tags as React components 1`] = `"<meta data-rh=\\"true\\" charSet=\\"utf-8\\"/><meta data-rh=\\"true\\" name=\\"description\\" content=\\"Test description &amp; encoding of special characters like &#x27; &quot; &gt; &lt; \`\\"/><meta data-rh=\\"true\\" http-equiv=\\"content-type\\" content=\\"text/html\\"/><meta data-rh=\\"true\\" property=\\"og:type\\" content=\\"article\\"/><meta data-rh=\\"true\\" itemProp=\\"name\\" content=\\"Test name itemprop\\"/>"`;

exports[`server Declarative API renders meta tags as string 1`] = `"<meta data-rh=\\"true\\" charset=\\"utf-8\\"/><meta data-rh=\\"true\\" name=\\"description\\" content=\\"Test description &amp; encoding of special characters like &#x27; &quot; &gt; &lt; \`\\"/><meta data-rh=\\"true\\" http-equiv=\\"content-type\\" content=\\"text/html\\"/><meta data-rh=\\"true\\" property=\\"og:type\\" content=\\"article\\"/><meta data-rh=\\"true\\" itemprop=\\"name\\" content=\\"Test name itemprop\\"/>"`;
