// Jest Snapshot v1, https://goo.gl/fbAQLP

exports[`server API renders script tags as React components 1`] = `"<script data-rh=\\"true\\" src=\\"http://localhost/test.js\\" type=\\"text/javascript\\"></script><script data-rh=\\"true\\" src=\\"http://localhost/test2.js\\" type=\\"text/javascript\\"></script>"`;

exports[`server API renders script tags as string 1`] = `"<script data-rh=\\"true\\" src=\\"http://localhost/test.js\\" type=\\"text/javascript\\"></script><script data-rh=\\"true\\" src=\\"http://localhost/test2.js\\" type=\\"text/javascript\\"></script>"`;

exports[`server Declarative API renders script tags as React components 1`] = `"<script data-rh=\\"true\\" src=\\"http://localhost/test.js\\" type=\\"text/javascript\\"></script><script data-rh=\\"true\\" src=\\"http://localhost/test2.js\\" type=\\"text/javascript\\"></script>"`;

exports[`server Declarative API renders script tags as string 1`] = `"<script data-rh=\\"true\\" src=\\"http://localhost/test.js\\" type=\\"text/javascript\\"></script><script data-rh=\\"true\\" src=\\"http://localhost/test2.js\\" type=\\"text/javascript\\"></script>"`;
