// Jest Snapshot v1, https://goo.gl/fbAQLP

exports[`server API does not render undefined attribute values 1`] = `"<script data-rh=\\"true\\" src=\\"foo.js\\" async></script>"`;

exports[`server API rewind() provides a fallback object for empty Helmet state 1`] = `"<title data-rh=\\"true\\"></title>"`;

exports[`server API rewind() provides a fallback object for empty Helmet state 2`] = `"<title data-rh=\\"true\\"></title>"`;

exports[`server Declarative API does not render undefined attribute values 1`] = `"<script data-rh=\\"true\\" src=\\"foo.js\\" async></script>"`;

exports[`server Declarative API rewind() provides a fallback object for empty Helmet state 1`] = `"<title data-rh=\\"true\\"></title>"`;

exports[`server Declarative API rewind() provides a fallback object for empty Helmet state 2`] = `"<title data-rh=\\"true\\"></title>"`;
