// Jest Snapshot v1, https://goo.gl/fbAQLP

exports[`server API renders style tags as React components 1`] = `"<style data-rh=\\"true\\" type=\\"text/css\\">body {background-color: green;}</style><style data-rh=\\"true\\" type=\\"text/css\\">p {font-size: 12px;}</style>"`;

exports[`server API renders style tags as string 1`] = `"<style data-rh=\\"true\\" type=\\"text/css\\">body {background-color: green;}</style><style data-rh=\\"true\\" type=\\"text/css\\">p {font-size: 12px;}</style>"`;

exports[`server Declarative API renders style tags as React components 1`] = `"<style data-rh=\\"true\\" type=\\"text/css\\">body {background-color: green;}</style><style data-rh=\\"true\\" type=\\"text/css\\">p {font-size: 12px;}</style>"`;

exports[`server Declarative API renders style tags as string 1`] = `"<style data-rh=\\"true\\" type=\\"text/css\\">body {background-color: green;}</style><style data-rh=\\"true\\" type=\\"text/css\\">p {font-size: 12px;}</style>"`;
