// Jest Snapshot v1, https://goo.gl/fbAQLP

exports[`title API does not encode all characters with HTML character entity equivalents 1`] = `"膣膗 鍆錌雔"`;

exports[`title API merges deepest component title with nearest upstream titleTemplate 1`] = `"This is a Second Test of the titleTemplate feature"`;

exports[`title API page title with prop itemprop 1`] = `"Test Title with itemProp"`;

exports[`title API renders dollar characters in a title correctly when titleTemplate present 1`] = `"This is a te$t te$$t te$$$t te$$$$t"`;

exports[`title API replaces multiple title strings in titleTemplate 1`] = `"This is a Test of the titleTemplate feature. Another Test."`;

exports[`title API sets title based on deepest nested component 1`] = `"Nested Title"`;

exports[`title API sets title using deepest nested component with a defined title 1`] = `"Main Title"`;

exports[`title API updates page title 1`] = `"Test Title"`;

exports[`title API updates page title with multiple children 1`] = `"Child Two Title"`;

exports[`title API uses a titleTemplate based on deepest nested component 1`] = `"A Second Test using nested titleTemplate attributes"`;

exports[`title API uses a titleTemplate if defined 1`] = `"This is a Test of the titleTemplate feature"`;

exports[`title API uses defaultTitle if no title is defined 1`] = `"Fallback"`;

exports[`title Declarative API does not encode all characters with HTML character entity equivalents 1`] = `"膣膗 鍆錌雔"`;

exports[`title Declarative API merges deepest component title with nearest upstream titleTemplate 1`] = `"This is a Second Test of the titleTemplate feature"`;

exports[`title Declarative API page title with prop itemProp 1`] = `"Test Title with itemProp"`;

exports[`title Declarative API renders dollar characters in a title correctly when titleTemplate present 1`] = `"This is a te$t te$$t te$$$t te$$$$t"`;

exports[`title Declarative API replaces multiple title strings in titleTemplate 1`] = `"This is a Test of the titleTemplate feature. Another Test."`;

exports[`title Declarative API retains existing title tag when no title tag is defined 1`] = `"Existing Title"`;

exports[`title Declarative API sets title based on deepest nested component 1`] = `"Nested Title"`;

exports[`title Declarative API sets title using deepest nested component with a defined title 1`] = `"Main Title"`;

exports[`title Declarative API updates page title 1`] = `"Test Title"`;

exports[`title Declarative API updates page title and allows children containing expressions 1`] = `"Title: Some Great Title"`;

exports[`title Declarative API updates page title with multiple children 1`] = `"Child Two Title"`;

exports[`title Declarative API uses a titleTemplate based on deepest nested component 1`] = `"A Second Test using nested titleTemplate attributes"`;

exports[`title Declarative API uses a titleTemplate if defined 1`] = `"This is a Test of the titleTemplate feature"`;

exports[`title Declarative API uses defaultTitle if no title is defined 1`] = `"Fallback"`;
